*** EVALUATION ***
PROGRAM "C:\Users\Megaport\Desktop\coding\projects\lab1c\bin\Simulator.abs"

*********************************************************************************************
TARGET SECTION
---------------------------------------------------------------------------------------------
Processor   : Freescale HC12
Memory Model: SMALL
File Format : ELF\DWARF 2.0
Linker      : SmartLinker V-5.0.40 Build 10203, Jul 23 2010

*********************************************************************************************
FILE SECTION
---------------------------------------------------------------------------------------------
main.asm.o                              Model: SMALL,         Lang: Assembler
hexToASCII.asm.o                        Model: SMALL,         Lang: Assembler

*********************************************************************************************
STARTUP SECTION
---------------------------------------------------------------------------------------------
Entry point: 0xC000 (Entry)

*********************************************************************************************
SECTION-ALLOCATION SECTION
Section Name                    Size  Type     From       To       Segment
---------------------------------------------------------------------------------------------
.init                            118     R     0xC000     0xC075   ROM_C000
.data                              9   R/W     0x1000     0x1008   RAM
.const                            17     R     0xC076     0xC086   ROM_C000
.stack                           256   R/W     0x1009     0x1108   RAM
.vectSeg0_vect                     2     R     0xFFFE     0xFFFF   .vectSeg0

Summary of section sizes per section type:
READ_ONLY (R):          89 (dec:      137)
READ_WRITE (R/W):      109 (dec:      265)

*********************************************************************************************
VECTOR-ALLOCATION SECTION
    Address     InitValue   InitFunction
---------------------------------------------------------------------------------------------
     0xFFFE        0xC000   Entry

*********************************************************************************************
OBJECT-ALLOCATION SECTION
     Name               Module                 Addr   hSize   dSize     Ref    Section   RLIB
---------------------------------------------------------------------------------------------
MODULE:                 -- main.asm.o --
- PROCEDURES:
     Entry                                     C000       C      12       0   .init       
     main                                      C000       0       0       0   .init       
- VARIABLES:
- LABELS:
     __SEG_END_SSTACK                          1109       0       0       1               
MODULE:                 -- hexToASCII.asm.o --
- PROCEDURES:
     hexToASCII                                C00C      6A     106       1   .init       
- VARIABLES:
     string                                    1000       7       7       1   .data       
     val                                       1007       2       2       5   .data       
     H2A                                       C076      11      17       4   .const      

*********************************************************************************************
MODULE STATISTIC
  Name                                      Data   Code  Const
---------------------------------------------------------------------------------------------
  main.asm.o                                   0     12      0
  hexToASCII.asm.o                             9    106     17
  other                                      256      2      0

*********************************************************************************************
SECTION USE IN OBJECT-ALLOCATION SECTION
---------------------------------------------------------------------------------------------
SECTION: ".data"
  string val 
SECTION: ".init"
  main Entry hexToASCII 
SECTION: ".const"
  H2A 

*********************************************************************************************
OBJECT LIST SORTED BY ADDRESS
     Name                                      Addr   hSize   dSize     Ref    Section   RLIB
---------------------------------------------------------------------------------------------
     string                                    1000       7       7       1   .data       
     val                                       1007       2       2       5   .data       
     main                                      C000       0       0       0   .init       
     Entry                                     C000       C      12       0   .init       
     hexToASCII                                C00C      6A     106       1   .init       
     H2A                                       C076      11      17       4   .const      

*********************************************************************************************
UNUSED-OBJECTS SECTION
---------------------------------------------------------------------------------------------

*********************************************************************************************
COPYDOWN SECTION
---------------------------------------------------------------------------------------------

*********************************************************************************************
OBJECT-DEPENDENCIES SECTION
---------------------------------------------------------------------------------------------
Entry                     USES __SEG_END_SSTACK hexToASCII 
hexToASCII                USES string val H2A 

*********************************************************************************************
DEPENDENCY TREE
*********************************************************************************************
 main and _Startup Group
 | 
 +- main                
 |    
 +- Entry               
    | 
    +- hexToASCII          
         
*********************************************************************************************
STATISTIC SECTION
---------------------------------------------------------------------------------------------

ExeFile:
--------
Number of blocks to be downloaded: 3
Total size of all blocks to be downloaded: 137

