*** EVALUATION ***
PROGRAM "C:\Users\zimmerma\Desktop\Vorlesungen\S2018\CA3\Student\Labor\CA3_Lab2\lab2-tickerVorlage\bin\Simulator.abs"

*********************************************************************************************
TARGET SECTION
---------------------------------------------------------------------------------------------
Processor   : Freescale HC12
Memory Model: SMALL
File Format : ELF\DWARF 2.0
Linker      : SmartLinker V-5.0.40 Build 10203, Jul 23 2010

*********************************************************************************************
FILE SECTION
---------------------------------------------------------------------------------------------
main.asm.o                              Model: SMALL,         Lang: Assembler
ticker.asm.o                            Model: SMALL,         Lang: Assembler

*********************************************************************************************
STARTUP SECTION
---------------------------------------------------------------------------------------------
Entry point: 0xC000 (Entry)

*********************************************************************************************
SECTION-ALLOCATION SECTION
Section Name                    Size  Type     From       To       Segment
---------------------------------------------------------------------------------------------
.init                             76     R     0xC000     0xC04B   ROM_C000
.data                              1   R/W     0x1000     0x1000   RAM
ticker.asm__ORG00001               2     R     0xFFE6     0xFFE7   .absSeg0
.stack                           256   R/W     0x1001     0x1100   RAM
.vectSeg1_vect                     2     R     0xFFFE     0xFFFF   .vectSeg1

Summary of section sizes per section type:
READ_ONLY (R):          50 (dec:       80)
READ_WRITE (R/W):      101 (dec:      257)

*********************************************************************************************
VECTOR-ALLOCATION SECTION
    Address     InitValue   InitFunction
---------------------------------------------------------------------------------------------
     0xFFFE        0xC000   Entry

*********************************************************************************************
OBJECT-ALLOCATION SECTION
     Name               Module                 Addr   hSize   dSize     Ref    Section   RLIB
---------------------------------------------------------------------------------------------
MODULE:                 -- main.asm.o --
- PROCEDURES:
     Entry                                     C000       F      15       0   .init       
     main                                      C000       0       0       0   .init       
     back                                      C00F       2       2       0   .init       
- VARIABLES:
- LABELS:
     __SEG_END_SSTACK                          1101       0       0       1               
MODULE:                 -- ticker.asm.o --
- PROCEDURES:
     initTicker                                C011      1B      27       1   .init       
     isrECT4                                   C02C      1F      31       1   .init       
     notYet                                    C04B       1       1       0   .init       
- VARIABLES:
     ticks                                     1000       1       1       4   .data       
     int12                                     FFE6       2       2       0   .text       

*********************************************************************************************
MODULE STATISTIC
  Name                                      Data   Code  Const
---------------------------------------------------------------------------------------------
  main.asm.o                                   0     17      0
  ticker.asm.o                                 1     59      2
  other                                      256      2      0

*********************************************************************************************
SECTION USE IN OBJECT-ALLOCATION SECTION
---------------------------------------------------------------------------------------------
SECTION: ".text"
  int12 
SECTION: ".data"
  ticks 
SECTION: ".init"
  main Entry back initTicker isrECT4 notYet 

*********************************************************************************************
OBJECT LIST SORTED BY ADDRESS
     Name                                      Addr   hSize   dSize     Ref    Section   RLIB
---------------------------------------------------------------------------------------------
     ticks                                     1000       1       1       4   .data       
     main                                      C000       0       0       0   .init       
     Entry                                     C000       F      15       0   .init       
     back                                      C00F       2       2       0   .init       
     initTicker                                C011      1B      27       1   .init       
     isrECT4                                   C02C      1F      31       1   .init       
     notYet                                    C04B       1       1       0   .init       
     int12                                     FFE6       2       2       0   .text       

*********************************************************************************************
UNUSED-OBJECTS SECTION
---------------------------------------------------------------------------------------------

*********************************************************************************************
COPYDOWN SECTION
---------------------------------------------------------------------------------------------

*********************************************************************************************
OBJECT-DEPENDENCIES SECTION
---------------------------------------------------------------------------------------------
Entry                     USES __SEG_END_SSTACK initTicker 
initTicker                USES ticks 
isrECT4                   USES ticks 

*********************************************************************************************
DEPENDENCY TREE
*********************************************************************************************
 main and _Startup Group
 | 
 +- main                
 |    
 +- Entry               
    | 
    +- initTicker          
         
 _ORG00001           
 | 
 +- isrECT4             
      
*********************************************************************************************
STATISTIC SECTION
---------------------------------------------------------------------------------------------

ExeFile:
--------
Number of blocks to be downloaded: 3
Total size of all blocks to be downloaded: 80

